[md-pro-angular.creative-tim.com/assets/img/apple-icon.png]
[md-pro-angular.creative-tim.com/assets/img/favicon.png]
[backblue.gif]
[fade.gif]
[index.html]
[s3.amazonaws.com/creativetim_bucket/products/55/opt_mdp_angular_thumbnail.jpg]
[maxcdn.bootstrapcdn.com/font-awesome/latest/css/font-awesome.min.css]
[www.google-analytics.com/analytics.js]
[md-pro-angular.creative-tim.com/inline.1a6c487a10aed177d06a.bundle.js]
[md-pro-angular.creative-tim.com/polyfills.76ff6c910dd0e52ac2d0.bundle.js]
[md-pro-angular.creative-tim.com/scripts.b40dfaa57948a00c011e.bundle.js]
[md-pro-angular.creative-tim.com/vendor.f77a47c51d9f3e88947e.bundle.js]
[md-pro-angular.creative-tim.com/main.758d706d8957f35c9e32.bundle.js]
[md-pro-angular.creative-tim.com/dashboard.html]
[maxcdn.bootstrapcdn.com/font-awesome/latest/css/font-awesome.min.css]
[md-pro-angular.creative-tim.com/glyphicons-halflings-regular.f4769f9bdb7466be6508.eot]
[md-pro-angular.creative-tim.com/glyphicons-halflings-regular.f4769f9bdb7466be6508d41d.eot]
[md-pro-angular.creative-tim.com/glyphicons-halflings-regular.448c34a56d699c29117a.woff2]
[md-pro-angular.creative-tim.com/glyphicons-halflings-regular.fa2772327f55d8198301.woff]
[md-pro-angular.creative-tim.com/glyphicons-halflings-regular.e18bbf611f2a2e43afc0.ttf]
[md-pro-angular.creative-tim.com/image_placeholder.ebe9884b2152a08a525f.jpg]
[md-pro-angular.creative-tim.com/styles.a9e29d8dd8cbb96c092d.bundle.css]
[md-pro-angular.creative-tim.com/glyphicons-halflings-regular.89889688147bd7575d63.svg]
