[cristijora.github.io/paper-dashboard-pro/index.html]
[cristijora.github.io/paper-dashboard-pro/static/img/apple-icon.png]
[cristijora.github.io/paper-dashboard-pro/static/img/favicon.png]
[backblue.gif]
[fade.gif]
[index.html]
[maxcdn.bootstrapcdn.com/bootstrap/3.3.7/css/bootstrap.min.css]
[maxcdn.bootstrapcdn.com/font-awesome/4.7.0/css/font-awesome.min.css]
[cristijora.github.io/paper-dashboard-pro/static/css/themify-icons.css]
[www.google-analytics.com/analytics.js]
[cristijora.github.io/paper-dashboard-pro/static/js/manifest.6d3d551749243203214e.js]
[cristijora.github.io/paper-dashboard-pro/static/css/app.0c7f3fb4572cd791d7aa172d90e971c6.css]
[cristijora.github.io/paper-dashboard-pro/static/js/vendor.4fb2e9fef95e5eb25025.js]
[cristijora.github.io/paper-dashboard-pro/index.html]
[maxcdn.bootstrapcdn.com/bootstrap/3.3.7/css/bootstrap.min.css]
[maxcdn.bootstrapcdn.com/font-awesome/4.7.0/css/font-awesome.min.css]
[cristijora.github.io/paper-dashboard-pro/static/js/app.bf18a5cdb153a95af16a.js]
[cristijora.github.io/paper-dashboard-pro/static/fonts/themify9f24.eot]
[cristijora.github.io/paper-dashboard-pro/static/fonts/themifyd41d.eot]
[cristijora.github.io/paper-dashboard-pro/static/fonts/themify9f24.woff]
[cristijora.github.io/paper-dashboard-pro/static/fonts/themify9f24.ttf]
[cristijora.github.io/paper-dashboard-pro/static/css/themify-icons.css]
[cristijora.github.io/paper-dashboard-pro/static/css/app.0c7f3fb4572cd791d7aa172d90e971c6.css]
[cristijora.github.io/paper-dashboard-pro/static/fonts/themify9f24.svg]
[cristijora.github.io/paper-dashboard-pro/static/fonts/themify9f24.svg]
